// Jest Snapshot v1, https://goo.gl/fbAQLP

exports[`<ImportAccountsSelectionModal  /> should match snapshot 1`] = `
.c0 {
  font-family: Rubik,sans-serif;
  font-size: 16px;
  line-height: 20px;
  background-color: #ffffff;
  color: #16213E;
  box-sizing: border-box;
  -webkit-text-size-adjust: 100%;
  -ms-text-size-adjust: 100%;
  -moz-osx-font-smoothing: grayscale;
  -webkit-font-smoothing: antialiased;
}

.c5 {
  display: -webkit-box;
  display: -webkit-flex;
  display: -ms-flexbox;
  display: flex;
  box-sizing: border-box;
  max-width: 100%;
  min-width: 0;
  min-height: 0;
  -webkit-flex-direction: column;
  -ms-flex-direction: column;
  flex-direction: column;
  -webkit-flex: 1 0 auto;
  -ms-flex: 1 0 auto;
  flex: 1 0 auto;
}

.c6 {
  display: -webkit-box;
  display: -webkit-flex;
  display: -ms-flexbox;
  display: flex;
  box-sizing: border-box;
  max-width: 100%;
  min-width: 0;
  min-height: 0;
  -webkit-flex-direction: column;
  -ms-flex-direction: column;
  flex-direction: column;
  width: 800px;
  padding: 24px;
}

.c8 {
  display: -webkit-box;
  display: -webkit-flex;
  display: -ms-flexbox;
  display: flex;
  box-sizing: border-box;
  max-width: 100%;
  -webkit-align-items: baseline;
  -webkit-box-align: baseline;
  -ms-flex-align: baseline;
  align-items: baseline;
  min-width: 0;
  min-height: 0;
  -webkit-flex-direction: row;
  -ms-flex-direction: row;
  flex-direction: row;
  -webkit-box-pack: justify;
  -webkit-justify-content: space-between;
  -ms-flex-pack: justify;
  justify-content: space-between;
}

.c11 {
  display: -webkit-box;
  display: -webkit-flex;
  display: -ms-flexbox;
  display: flex;
  box-sizing: border-box;
  max-width: 100%;
  min-width: 0;
  min-height: 0;
  -webkit-flex-direction: column;
  -ms-flex-direction: column;
  flex-direction: column;
}

.c12 {
  display: -webkit-box;
  display: -webkit-flex;
  display: -ms-flexbox;
  display: flex;
  box-sizing: border-box;
  max-width: 100%;
  -webkit-align-items: baseline;
  -webkit-box-align: baseline;
  -ms-flex-align: baseline;
  align-items: baseline;
  min-width: 0;
  min-height: 0;
  -webkit-flex-direction: row;
  -ms-flex-direction: row;
  flex-direction: row;
  -webkit-box-pack: center;
  -webkit-justify-content: center;
  -ms-flex-pack: center;
  justify-content: center;
  padding-top: 24px;
}

.c16 {
  display: -webkit-box;
  display: -webkit-flex;
  display: -ms-flexbox;
  display: flex;
  box-sizing: border-box;
  max-width: 100%;
  min-width: 0;
  min-height: 0;
  -webkit-flex-direction: row;
  -ms-flex-direction: row;
  flex-direction: row;
  -webkit-box-pack: justify;
  -webkit-justify-content: space-between;
  -ms-flex-pack: justify;
  justify-content: space-between;
  padding-top: 24px;
}

.c9 {
  -webkit-flex: 0 0 auto;
  -ms-flex: 0 0 auto;
  flex: 0 0 auto;
  -webkit-align-self: stretch;
  -ms-flex-item-align: stretch;
  align-self: stretch;
  width: 24px;
}

.c14 {
  -webkit-flex: 0 0 auto;
  -ms-flex: 0 0 auto;
  flex: 0 0 auto;
  -webkit-align-self: stretch;
  -ms-flex-item-align: stretch;
  align-self: stretch;
  width: 48px;
}

.c18 {
  -webkit-flex: 0 0 auto;
  -ms-flex: 0 0 auto;
  flex: 0 0 auto;
  -webkit-align-self: stretch;
  -ms-flex-item-align: stretch;
  align-self: stretch;
  width: 12px;
}

.c10 {
  font-size: 16px;
  line-height: 20px;
  font-weight: normal;
}

.c7 {
  margin-top: 0px;
  font-size: 26px;
  line-height: 32px;
  max-width: none;
  font-weight: 600;
  overflow-wrap: break-word;
}

.c1 {
  font-family: Rubik,sans-serif;
  font-size: 16px;
  line-height: 20px;
  background-color: #ffffff;
  color: #16213E;
  box-sizing: border-box;
  -webkit-text-size-adjust: 100%;
  -ms-text-size-adjust: 100%;
  -moz-osx-font-smoothing: grayscale;
  -webkit-font-smoothing: antialiased;
  background: transparent;
  position: relative;
  z-index: 20;
  pointer-events: none;
  outline: none;
  position: fixed;
  top: 0px;
  left: 0px;
  right: 0px;
  bottom: 0px;
}

.c2 {
  position: absolute;
  top: 0px;
  left: 0px;
  right: 0px;
  bottom: 0px;
  background-color: rgba(0,0,0,0.5);
  color: #F8F8F8;
  pointer-events: all;
  will-change: transform;
}

.c3 {
  display: -webkit-box;
  display: -webkit-flex;
  display: -ms-flexbox;
  display: flex;
  -webkit-flex-direction: column;
  -ms-flex-direction: column;
  flex-direction: column;
  min-height: 48px;
  background-color: #FFFFFF;
  color: #16213E;
  outline: none;
  pointer-events: all;
  z-index: 20;
  position: absolute;
  max-height: calc(100% - 0px - 0px);
  max-width: calc(100% - 0px - 0px);
  border-radius: 4px;
  top: 50%;
  left: 50%;
  -webkit-transform: translate(-50%,-50%);
  -ms-transform: translate(-50%,-50%);
  transform: translate(-50%,-50%);
  -webkit-animation: hWAzxx 0.2s ease-in-out forwards;
  animation: hWAzxx 0.2s ease-in-out forwards;
}

.c4 {
  width: 0;
  height: 0;
  overflow: hidden;
  position: absolute;
}

.c4:focus {
  outline: none;
}

.c13 {
  display: inline-block;
  box-sizing: border-box;
  cursor: pointer;
  font: inherit;
  -webkit-text-decoration: none;
  text-decoration: none;
  margin: 0;
  background: transparent;
  overflow: visible;
  text-transform: none;
  border: 2px solid #0500e2;
  border-radius: 18px;
  color: #16213E;
  padding: 4px 20px;
  font-size: 14px;
  line-height: 20px;
  opacity: 0.3;
  cursor: default;
  -webkit-transition-property: color,background-color,border-color,box-shadow;
  transition-property: color,background-color,border-color,box-shadow;
  -webkit-transition-duration: 0.1s;
  transition-duration: 0.1s;
  -webkit-transition-timing-function: ease-in-out;
  transition-timing-function: ease-in-out;
  font-weight: bold;
}

.c13:focus {
  outline: none;
  box-shadow: 0 0 2px 2px #00A9FF;
}

.c13:focus > circle,
.c13:focus > ellipse,
.c13:focus > line,
.c13:focus > path,
.c13:focus > polygon,
.c13:focus > polyline,
.c13:focus > rect {
  outline: none;
  box-shadow: 0 0 2px 2px #00A9FF;
}

.c13:focus::-moz-focus-inner {
  border: 0;
}

.c13:focus:not(:focus-visible) {
  outline: none;
  box-shadow: none;
}

.c13:focus:not(:focus-visible) > circle,
.c13:focus:not(:focus-visible) > ellipse,
.c13:focus:not(:focus-visible) > line,
.c13:focus:not(:focus-visible) > path,
.c13:focus:not(:focus-visible) > polygon,
.c13:focus:not(:focus-visible) > polyline,
.c13:focus:not(:focus-visible) > rect {
  outline: none;
  box-shadow: none;
}

.c13:focus:not(:focus-visible)::-moz-focus-inner {
  border: 0;
}

.c15 {
  display: inline-block;
  box-sizing: border-box;
  cursor: pointer;
  font: inherit;
  -webkit-text-decoration: none;
  text-decoration: none;
  margin: 0;
  background: transparent;
  overflow: visible;
  text-transform: none;
  border: 2px solid #0500e2;
  border-radius: 18px;
  color: #16213E;
  padding: 4px 20px;
  font-size: 14px;
  line-height: 20px;
  -webkit-transition-property: color,background-color,border-color,box-shadow;
  transition-property: color,background-color,border-color,box-shadow;
  -webkit-transition-duration: 0.1s;
  transition-duration: 0.1s;
  -webkit-transition-timing-function: ease-in-out;
  transition-timing-function: ease-in-out;
  font-weight: bold;
}

.c15:hover {
  box-shadow: 0px 0px 0px 2px #0500e2;
}

.c15:focus {
  outline: none;
  box-shadow: 0 0 2px 2px #00A9FF;
}

.c15:focus > circle,
.c15:focus > ellipse,
.c15:focus > line,
.c15:focus > path,
.c15:focus > polygon,
.c15:focus > polyline,
.c15:focus > rect {
  outline: none;
  box-shadow: 0 0 2px 2px #00A9FF;
}

.c15:focus::-moz-focus-inner {
  border: 0;
}

.c15:focus:not(:focus-visible) {
  outline: none;
  box-shadow: none;
}

.c15:focus:not(:focus-visible) > circle,
.c15:focus:not(:focus-visible) > ellipse,
.c15:focus:not(:focus-visible) > line,
.c15:focus:not(:focus-visible) > path,
.c15:focus:not(:focus-visible) > polygon,
.c15:focus:not(:focus-visible) > polyline,
.c15:focus:not(:focus-visible) > rect {
  outline: none;
  box-shadow: none;
}

.c15:focus:not(:focus-visible)::-moz-focus-inner {
  border: 0;
}

.c17 {
  display: inline-block;
  box-sizing: border-box;
  cursor: pointer;
  font: inherit;
  -webkit-text-decoration: none;
  text-decoration: none;
  margin: 0;
  background: transparent;
  overflow: visible;
  text-transform: none;
  border: 2px solid #0500e2;
  border-radius: 4px;
  color: #16213E;
  padding: 4px 22px;
  font-size: 16px;
  line-height: 20px;
  -webkit-transition-property: color,background-color,border-color,box-shadow;
  transition-property: color,background-color,border-color,box-shadow;
  -webkit-transition-duration: 0.1s;
  transition-duration: 0.1s;
  -webkit-transition-timing-function: ease-in-out;
  transition-timing-function: ease-in-out;
  font-weight: bold;
}

.c17:hover {
  box-shadow: 0px 0px 0px 2px #0500e2;
}

.c17:focus {
  outline: none;
  box-shadow: 0 0 2px 2px #00A9FF;
}

.c17:focus > circle,
.c17:focus > ellipse,
.c17:focus > line,
.c17:focus > path,
.c17:focus > polygon,
.c17:focus > polyline,
.c17:focus > rect {
  outline: none;
  box-shadow: 0 0 2px 2px #00A9FF;
}

.c17:focus::-moz-focus-inner {
  border: 0;
}

.c17:focus:not(:focus-visible) {
  outline: none;
  box-shadow: none;
}

.c17:focus:not(:focus-visible) > circle,
.c17:focus:not(:focus-visible) > ellipse,
.c17:focus:not(:focus-visible) > line,
.c17:focus:not(:focus-visible) > path,
.c17:focus:not(:focus-visible) > polygon,
.c17:focus:not(:focus-visible) > polyline,
.c17:focus:not(:focus-visible) > rect {
  outline: none;
  box-shadow: none;
}

.c17:focus:not(:focus-visible)::-moz-focus-inner {
  border: 0;
}

.c19 {
  display: inline-block;
  box-sizing: border-box;
  cursor: pointer;
  font: inherit;
  -webkit-text-decoration: none;
  text-decoration: none;
  margin: 0;
  background: transparent;
  overflow: visible;
  text-transform: none;
  border: 2px solid #0500e2;
  border-radius: 4px;
  color: #16213E;
  padding: 4px 22px;
  font-size: 16px;
  line-height: 20px;
  background-color: #0500e2;
  color: #F8F8F8;
  border-radius: 4px;
  opacity: 0.3;
  cursor: default;
  -webkit-transition-property: color,background-color,border-color,box-shadow;
  transition-property: color,background-color,border-color,box-shadow;
  -webkit-transition-duration: 0.1s;
  transition-duration: 0.1s;
  -webkit-transition-timing-function: ease-in-out;
  transition-timing-function: ease-in-out;
  font-weight: bold;
}

.c19:focus {
  outline: none;
  box-shadow: 0 0 2px 2px #00A9FF;
}

.c19:focus > circle,
.c19:focus > ellipse,
.c19:focus > line,
.c19:focus > path,
.c19:focus > polygon,
.c19:focus > polyline,
.c19:focus > rect {
  outline: none;
  box-shadow: 0 0 2px 2px #00A9FF;
}

.c19:focus::-moz-focus-inner {
  border: 0;
}

.c19:focus:not(:focus-visible) {
  outline: none;
  box-shadow: none;
}

.c19:focus:not(:focus-visible) > circle,
.c19:focus:not(:focus-visible) > ellipse,
.c19:focus:not(:focus-visible) > line,
.c19:focus:not(:focus-visible) > path,
.c19:focus:not(:focus-visible) > polygon,
.c19:focus:not(:focus-visible) > polyline,
.c19:focus:not(:focus-visible) > rect {
  outline: none;
  box-shadow: none;
}

.c19:focus:not(:focus-visible)::-moz-focus-inner {
  border: 0;
}

@media only screen and (max-width:768px) {
  .c6 {
    padding: 12px;
  }
}

@media only screen and (max-width:768px) {
  .c8 {
    -webkit-flex-direction: column;
    -ms-flex-direction: column;
    flex-direction: column;
    -webkit-flex-basis: auto;
    -ms-flex-preferred-size: auto;
    flex-basis: auto;
    -webkit-box-pack: start;
    -webkit-justify-content: flex-start;
    -ms-flex-pack: start;
    justify-content: flex-start;
    -webkit-align-items: stretch;
    -webkit-box-align: stretch;
    -ms-flex-align: stretch;
    align-items: stretch;
  }
}

@media only screen and (max-width:768px) {
  .c12 {
    padding-top: 12px;
  }
}

@media only screen and (max-width:768px) {
  .c16 {
    padding-top: 12px;
  }
}

@media only screen and (max-width:768px) {
  .c9 {
    width: auto;
    height: 12px;
  }
}

@media only screen and (max-width:768px) {
  .c14 {
    width: 24px;
  }
}

@media only screen and (max-width:768px) {
  .c18 {
    width: 6px;
  }
}

@media only screen and (max-width:768px) {
  .c7 {
    margin-top: 0px;
  }
}

@media only screen and (max-width:768px) {
  .c7 {
    font-size: 18px;
    line-height: 24px;
    max-width: none;
  }
}

@media only screen and (max-width:768px) {
  .c1 {
    position: fixed;
    width: 100%;
    height: 100%;
    min-height: 100vh;
  }
}

@media only screen and (max-width:768px) {
  .c1 {
    min-height: 100dvh;
  }
}

@media only screen and (max-width:768px) {
  .c2 {
    position: relative;
  }
}

@media only screen and (max-width:768px) {
  .c3 {
    position: relative;
    max-height: none;
    max-width: none;
    border-radius: 0;
    height: 100vh;
    width: 100vw;
  }
}

@media only screen and (max-width:768px) {
  .c3 {
    height: 100dvh;
  }
}

<body
  style=""
>
  <div>
    <div
      class="c0"
      style="min-height: 100dvh;"
    />
  </div>
  <div>
    <div
      aria-hidden="false"
    >
      <div
        class="c1"
        tabindex="-1"
      >
        <div
          class="c2"
        />
        <div
          class="c3 fix-responsive-layer"
          data-g-portal-id="0"
          style="overflow-y: auto;"
        >
          <a
            aria-hidden="true"
            class="c4"
            tabindex="-1"
          />
          <div
            class="c5"
            style="min-height: 100dvh;"
          >
            <form
              autocapitalize="off"
              autocomplete="off"
              autocorrect="off"
              spellcheck="false"
            >
              <div
                class="c6"
              >
                <h2
                  class="c7"
                >
                  <div
                    class="c8"
                  >
                    openWallet.importAccounts.selectWallets
                    <div
                      class="c9"
                    />
                    <span
                      class="c10"
                    >
                      openWallet.importAccounts.accountCounter
                    </span>
                  </div>
                </h2>
                <div
                  class="c11"
                  style="min-height: 362px;"
                >
                  <div
                    class="c11"
                  />
                </div>
                <div
                  class="c12"
                >
                  <button
                    aria-label="openWallet.importAccounts.prev"
                    class="c13"
                    disabled=""
                    type="button"
                  >
                    &lt;
                  </button>
                  <div
                    class="c14"
                  />
                  <div
                    class="c11"
                  >
                    <span>
                      openWallet.importAccounts.pageNumber
                    </span>
                  </div>
                  <div
                    class="c14"
                  />
                  <button
                    aria-label="openWallet.importAccounts.next"
                    class="c15"
                    type="button"
                  >
                    &gt;
                  </button>
                </div>
                <p>
                  persist.createProfile.unsupported
                </p>
                <div
                  class="c16"
                >
                  <button
                    class="c17"
                    type="button"
                  >
                    common.cancel
                  </button>
                  <div
                    class="c18"
                  />
                  <button
                    class="c19"
                    data-testid="ledger-open-accounts"
                    disabled=""
                    type="submit"
                  >
                    openWallet.importAccounts.openWallets
                  </button>
                </div>
              </div>
            </form>
          </div>
        </div>
      </div>
    </div>
  </div>
</body>
`;
