// Jest Snapshot v1, https://goo.gl/fbAQLP

exports[`<Footer /> should render mobile version of footer 1`] = `
.c0 {
  display: -webkit-box;
  display: -webkit-flex;
  display: -ms-flexbox;
  display: flex;
  box-sizing: border-box;
  max-width: 100%;
  margin-bottom: 48px;
  -webkit-align-items: center;
  -webkit-box-align: center;
  -ms-flex-align: center;
  align-items: center;
  min-width: 0;
  min-height: 0;
  -webkit-flex-direction: column;
  -ms-flex-direction: column;
  flex-direction: column;
  -webkit-box-pack: center;
  -webkit-justify-content: center;
  -ms-flex-pack: center;
  justify-content: center;
  padding-left: 24px;
  padding-right: 24px;
  padding-top: 1rem;
  padding-bottom: 4rem;
  border-radius: 5px;
}

.c3 {
  display: -webkit-box;
  display: -webkit-flex;
  display: -ms-flexbox;
  display: flex;
  box-sizing: border-box;
  max-width: 100%;
  margin-left: 6px;
  margin-right: 6px;
  min-width: 0;
  min-height: 0;
  -webkit-flex-direction: column;
  -ms-flex-direction: column;
  flex-direction: column;
}

.c2 {
  box-sizing: border-box;
  display: -webkit-inline-box;
  display: -webkit-inline-flex;
  display: -ms-inline-flexbox;
  display: inline-flex;
  font-size: 14px;
  line-height: 20px;
  color: #0500e2;
  font-weight: 600;
  -webkit-text-decoration: none;
  text-decoration: none;
  cursor: pointer;
}

.c2:hover {
  -webkit-text-decoration: underline;
  text-decoration: underline;
}

.c1 {
  margin-bottom: 12px;
  font-size: 14px;
  line-height: 20px;
  text-align: center;
}

.c4 {
  margin-top: 12px;
  font-size: 14px;
  line-height: 20px;
  text-align: center;
}

.c5 {
  display: inline-block;
  box-sizing: border-box;
  cursor: pointer;
  font: inherit;
  -webkit-text-decoration: none;
  text-decoration: none;
  margin: 0;
  background: transparent;
  overflow: visible;
  text-transform: none;
  color: #0500e2;
  outline: none;
  border: none;
  padding: 0;
  text-align: inherit;
}

.c5:focus {
  outline: none;
  box-shadow: 0 0 2px 2px #00A9FF;
}

.c5:focus > circle,
.c5:focus > ellipse,
.c5:focus > line,
.c5:focus > path,
.c5:focus > polygon,
.c5:focus > polyline,
.c5:focus > rect {
  outline: none;
  box-shadow: 0 0 2px 2px #00A9FF;
}

.c5:focus::-moz-focus-inner {
  border: 0;
}

.c5:focus:not(:focus-visible) {
  outline: none;
  box-shadow: none;
}

.c5:focus:not(:focus-visible) > circle,
.c5:focus:not(:focus-visible) > ellipse,
.c5:focus:not(:focus-visible) > line,
.c5:focus:not(:focus-visible) > path,
.c5:focus:not(:focus-visible) > polygon,
.c5:focus:not(:focus-visible) > polyline,
.c5:focus:not(:focus-visible) > rect {
  outline: none;
  box-shadow: none;
}

.c5:focus:not(:focus-visible)::-moz-focus-inner {
  border: 0;
}

@media only screen and (max-width:768px) {
  .c0 {
    margin-bottom: 24px;
  }
}

@media only screen and (max-width:768px) {
  .c0 {
    padding-left: 12px;
    padding-right: 12px;
  }
}

@media only screen and (max-width:768px) {
  .c0 {
    padding-top: 1rem;
  }
}

@media only screen and (max-width:768px) {
  .c0 {
    padding-bottom: 4rem;
  }
}

@media only screen and (max-width:768px) {
  .c3 {
    margin-left: 3px;
  }
}

@media only screen and (max-width:768px) {
  .c3 {
    margin-right: 3px;
  }
}

<footer
  class="c0"
  data-testid="footer"
>
  <span
    class="c1"
  >
    <span>
      ROSE Wallet is fully 
    </span>
    <a
      class="c2"
      href="https://github.com/oasisprotocol/oasis-wallet-web/"
      rel="noopener noreferrer"
      target="_blank"
    >
      <span>
        open source
      </span>
    </a>
    <div
      class="c3"
      style="display: inline-block;"
    >
      Powered by Oasis Scan API & Oasis gRPC
    </div>
  </span>
  <span
    class="c4"
  >
    <span>
      <a
        class="c2"
        href="https://wallet.oasis.io/t-c.pdf"
        rel="noopener noreferrer"
        target="_blank"
      >
        <span>
          Terms and Conditions
        </span>
      </a>
      <div
        class="c3"
        style="display: inline-block;"
      >
        |
      </div>
    </span>
    <span>
      Version: 
    </span>
    <a
      class="c2"
      href="https://github.com/oasisprotocol/oasis-wallet-web/releases/tag/v1.0.0-dev.1"
      rel="noopener noreferrer"
      target="_blank"
    >
      1.0.0-dev.1
    </a>
    <span>
       
    </span>
    <span>
      <button
        class="c5"
        type="button"
      >
        [show details]
      </button>
      <span />
    </span>
  </span>
  <span
    class="c4"
  >
    <span>
      We’d love your feedback at 
    </span>
    <a
      class="c2"
      href="mailto:wallet@oasisprotocol.org"
    >
      <span>
        wallet@oasisprotocol.org
      </span>
    </a>
  </span>
</footer>
`;
