// Jest Snapshot v1, https://goo.gl/fbAQLP

exports[`<StakingPage  /> should match snapshot 1`] = `
.c0 {
  display: -webkit-box;
  display: -webkit-flex;
  display: -ms-flexbox;
  display: flex;
  box-sizing: border-box;
  max-width: 100%;
  min-width: 0;
  min-height: 0;
  -webkit-flex-direction: column;
  -ms-flex-direction: column;
  flex-direction: column;
  padding: 48px;
}

.c1 {
  font-size: 50px;
  line-height: 56px;
  max-width: 1200px;
  font-weight: 600;
}

@media only screen and (max-width:768px) {
  .c0 {
    padding: 24px;
  }
}

@media only screen and (max-width:768px) {
  .c1 {
    font-size: 34px;
    line-height: 40px;
    max-width: 816px;
  }
}

<div
  class="c0"
>
  <h1
    class="c1"
  >
    Feature coming soon
  </h1>
</div>
`;
