// Jest Snapshot v1, https://goo.gl/fbAQLP

exports[`<AddEscrowForm /> should match snapshot 1`] = `
.c0 {
  display: -webkit-box;
  display: -webkit-flex;
  display: -ms-flexbox;
  display: flex;
  box-sizing: border-box;
  max-width: 100%;
  min-width: 0;
  min-height: 0;
  -webkit-flex-direction: row;
  -ms-flex-direction: row;
  flex-direction: row;
  padding-top: 12px;
}

.c1 {
  display: -webkit-box;
  display: -webkit-flex;
  display: -ms-flexbox;
  display: flex;
  box-sizing: border-box;
  max-width: 100%;
  min-width: 0;
  min-height: 0;
  -webkit-flex-direction: column;
  -ms-flex-direction: column;
  flex-direction: column;
}

.c2 {
  display: -webkit-box;
  display: -webkit-flex;
  display: -ms-flexbox;
  display: flex;
  box-sizing: border-box;
  max-width: 100%;
  margin-bottom: 12px;
  min-width: 0;
  min-height: 0;
  -webkit-flex-direction: column;
  -ms-flex-direction: column;
  flex-direction: column;
}

.c3 {
  display: -webkit-box;
  display: -webkit-flex;
  display: -ms-flexbox;
  display: flex;
  box-sizing: border-box;
  max-width: 100%;
  border: solid 1px rgba(0,0,0,0.33);
  min-width: 0;
  min-height: 0;
  -webkit-flex-direction: column;
  -ms-flex-direction: column;
  flex-direction: column;
  border-radius: 6px;
}

.c6 {
  display: -webkit-box;
  display: -webkit-flex;
  display: -ms-flexbox;
  display: flex;
  box-sizing: border-box;
  max-width: 100%;
  -webkit-align-items: flex-end;
  -webkit-box-align: flex-end;
  -ms-flex-align: flex-end;
  align-items: flex-end;
  min-width: 0;
  min-height: 0;
  -webkit-flex-direction: column;
  -ms-flex-direction: column;
  flex-direction: column;
  -webkit-box-pack: end;
  -webkit-justify-content: flex-end;
  -ms-flex-pack: end;
  justify-content: flex-end;
}

.c8 {
  -webkit-flex: 0 0 auto;
  -ms-flex: 0 0 auto;
  flex: 0 0 auto;
  -webkit-align-self: stretch;
  -ms-flex-item-align: stretch;
  align-self: stretch;
  width: 12px;
}

.c7 {
  display: inline-block;
  box-sizing: border-box;
  cursor: pointer;
  font: inherit;
  -webkit-text-decoration: none;
  text-decoration: none;
  margin: 0;
  background: transparent;
  overflow: visible;
  text-transform: none;
  border: 2px solid #7D4CDB;
  border-radius: 18px;
  color: #444444;
  padding: 4px 20px;
  font-size: 14px;
  line-height: 20px;
  -webkit-transition-property: color,background-color,border-color,box-shadow;
  transition-property: color,background-color,border-color,box-shadow;
  -webkit-transition-duration: 0.1s;
  transition-duration: 0.1s;
  -webkit-transition-timing-function: ease-in-out;
  transition-timing-function: ease-in-out;
}

.c7:hover {
  box-shadow: 0px 0px 0px 2px #7D4CDB;
}

.c7:focus {
  outline: none;
  box-shadow: 0 0 2px 2px #6FFFB0;
}

.c7:focus > circle,
.c7:focus > ellipse,
.c7:focus > line,
.c7:focus > path,
.c7:focus > polygon,
.c7:focus > polyline,
.c7:focus > rect {
  outline: none;
  box-shadow: 0 0 2px 2px #6FFFB0;
}

.c7:focus::-moz-focus-inner {
  border: 0;
}

.c7:focus:not(:focus-visible) {
  outline: none;
  box-shadow: none;
}

.c7:focus:not(:focus-visible) > circle,
.c7:focus:not(:focus-visible) > ellipse,
.c7:focus:not(:focus-visible) > line,
.c7:focus:not(:focus-visible) > path,
.c7:focus:not(:focus-visible) > polygon,
.c7:focus:not(:focus-visible) > polyline,
.c7:focus:not(:focus-visible) > rect {
  outline: none;
  box-shadow: none;
}

.c7:focus:not(:focus-visible)::-moz-focus-inner {
  border: 0;
}

.c9 {
  display: inline-block;
  box-sizing: border-box;
  cursor: pointer;
  font: inherit;
  -webkit-text-decoration: none;
  text-decoration: none;
  margin: 0;
  background: transparent;
  overflow: visible;
  text-transform: none;
  border: 2px solid #7D4CDB;
  border-radius: 18px;
  color: #444444;
  padding: 4px 22px;
  font-size: 18px;
  line-height: 24px;
  background-color: #7D4CDB;
  color: #f8f8f8;
  border-radius: 18px;
  -webkit-transition-property: color,background-color,border-color,box-shadow;
  transition-property: color,background-color,border-color,box-shadow;
  -webkit-transition-duration: 0.1s;
  transition-duration: 0.1s;
  -webkit-transition-timing-function: ease-in-out;
  transition-timing-function: ease-in-out;
}

.c9:hover {
  box-shadow: 0px 0px 0px 2px #7D4CDB;
}

.c9:focus {
  outline: none;
  box-shadow: 0 0 2px 2px #6FFFB0;
}

.c9:focus > circle,
.c9:focus > ellipse,
.c9:focus > line,
.c9:focus > path,
.c9:focus > polygon,
.c9:focus > polyline,
.c9:focus > rect {
  outline: none;
  box-shadow: 0 0 2px 2px #6FFFB0;
}

.c9:focus::-moz-focus-inner {
  border: 0;
}

.c9:focus:not(:focus-visible) {
  outline: none;
  box-shadow: none;
}

.c9:focus:not(:focus-visible) > circle,
.c9:focus:not(:focus-visible) > ellipse,
.c9:focus:not(:focus-visible) > line,
.c9:focus:not(:focus-visible) > path,
.c9:focus:not(:focus-visible) > polygon,
.c9:focus:not(:focus-visible) > polyline,
.c9:focus:not(:focus-visible) > rect {
  outline: none;
  box-shadow: none;
}

.c9:focus:not(:focus-visible)::-moz-focus-inner {
  border: 0;
}

.c5 {
  box-sizing: border-box;
  font-size: inherit;
  font-family: inherit;
  border: none;
  -webkit-appearance: none;
  background: transparent;
  color: inherit;
  width: 100%;
  padding: 11px;
  font-weight: 600;
  margin: 0;
  border: 1px solid rgba(0,0,0,0.33);
  border-radius: 4px;
  outline: none;
  border: none;
}

.c5::-webkit-input-placeholder {
  color: #AAAAAA;
}

.c5::-moz-placeholder {
  color: #AAAAAA;
}

.c5:-ms-input-placeholder {
  color: #AAAAAA;
}

.c5::-webkit-search-decoration {
  -webkit-appearance: none;
}

.c5::-moz-focus-inner {
  border: none;
  outline: none;
}

.c5:-moz-placeholder,
.c5::-moz-placeholder {
  opacity: 1;
}

.c4 {
  position: relative;
  width: 100%;
}

@media only screen and (max-width:768px) {
  .c0 {
    padding-top: 6px;
  }
}

@media only screen and (max-width:768px) {
  .c2 {
    margin-bottom: 6px;
  }
}

@media only screen and (max-width:768px) {
  .c3 {
    border: solid 1px rgba(0,0,0,0.33);
  }
}

@media only screen and (max-width:768px) {
  .c3 {
    border-radius: 3px;
  }
}

@media only screen and (max-width:768px) {
  .c8 {
    width: 6px;
  }
}

<form>
  <div
    class="c0"
  >
    <div
      class="c1"
    >
      <div
        class="c2 "
      >
        <div
          class="c3 FormField__FormFieldContentBox-sc-m9hood-1"
        >
          <div
            class="c4"
          >
            <input
              autocomplete="off"
              class="c5"
              data-testid="amount"
              id="amount-id"
              lang="en-US"
              min="0"
              name="amount"
              placeholder="common.amount"
              required=""
              step="any"
              type="number"
              value=""
            />
          </div>
        </div>
      </div>
      <div
        class="c6"
      >
        <button
          class="c7"
          type="button"
        >
          100%
        </button>
      </div>
    </div>
    <div
      class="c8"
    />
    <div
      class="c1"
    >
      <button
        class="c9"
        style="border-radius: 4px; height: 46px;"
        type="submit"
      >
        account.addEscrow.delegate
      </button>
    </div>
  </div>
</form>
`;
