// Jest Snapshot v1, https://goo.gl/fbAQLP

exports[`monitor parse account 1`] = `
Object {
  "address": "oasis1qq3xrq0urs8qcffhvmhfhz4p0mu7ewc8rscnlwxe",
  "liquid_balance": 756455428396,
}
`;

exports[`monitor parse delegations 1`] = `
Object {
  "debonding": Array [
    Object {
      "amount": "363940923824",
      "epoch": 12626,
      "shares": "363940923824",
      "validatorAddress": "oasis1qqekv2ymgzmd8j2s2u7g0hhc7e77e654kvwqtjwm",
    },
  ],
  "delegations": Array [
    Object {
      "amount": "89387",
      "shares": "80078",
      "validatorAddress": "oasis1qqekv2ymgzmd8j2s2u7g0hhc7e77e654kvwqtjwm",
    },
  ],
}
`;

exports[`monitor parse transaction list 1`] = `
Array [
  Object {
    "amount": 116899998000,
    "fee": 2000,
    "from": "oasis1qz086axf5hreqpehv5hlgmtw7sfem79gz55v68wp",
    "hash": "b831c4b2aa3188058717250cba279795d907e581bb4d7d40d9dc358d37a56254",
    "level": 7381105,
    "status": true,
    "timestamp": 1645644903,
    "to": "oasis1qpm97z4c28juhdea220jtq2e3mz4gruyg54xktlm",
    "type": "transfer",
  },
  Object {
    "amount": 500100000000,
    "fee": undefined,
    "from": "oasis1qz0rx0h3v8fyukfrr0npldrrzvpdg4wj2qxvg0kj",
    "hash": "e67c4331aa79c85736c4d96cd7b1f3eaad80301bb8d5c181c67482e57ebf0565",
    "level": 7381138,
    "status": true,
    "timestamp": 1645645107,
    "to": "oasis1qqekv2ymgzmd8j2s2u7g0hhc7e77e654kvwqtjwm",
    "type": "addescrow",
  },
  Object {
    "amount": 363940923824,
    "fee": undefined,
    "from": "oasis1qzah5wn48ekakmq5405qvcg4czp8hjvrcvcywvhp",
    "hash": "0558d39e2c5ebe187fc2802ab442faa548013b247b5de1fb1ef75862dad4fb23",
    "level": 7380979,
    "status": true,
    "timestamp": 1645644147,
    "to": "oasis1qqekv2ymgzmd8j2s2u7g0hhc7e77e654kvwqtjwm",
    "type": "reclaimescrow",
  },
  Object {
    "amount": 1714900000000,
    "fee": undefined,
    "from": "oasis1qq3833fnmkqe94h0ca6w8qa84sq8pu92qsjmfayj",
    "hash": "8894b8e9866f66efe291155646f1c09d69d7221449a8d9f758ad1d31f504df03",
    "level": 7381163,
    "status": true,
    "timestamp": 1645645260,
    "to": "oasis1qzvlg0grjxwgjj58tx2xvmv26era6t2csqn22pte",
    "type": "allow",
  },
  Object {
    "amount": 0,
    "fee": 2000,
    "from": "oasis1qzl58e7v7pk50h66s2tv3u9rzf87twp7pcv7hul6",
    "hash": "ba8e25c66ae31fa0a0837a414359bc2318c6c849515ca3dc1ffa9eb0a1ab92b3",
    "level": 7361579,
    "status": true,
    "timestamp": 1645526644,
    "to": "oasis1qpg3hpf3vtuueyl8f8jzgsy8clqqw6qgxgurwfy5",
    "type": "amendcommissionschedule",
  },
  Object {
    "amount": 0,
    "fee": undefined,
    "from": "oasis1qzr9p9fpjqekr8dev66wuaedcpq5n09hwvpkd4pg",
    "hash": "d6298496fc19fd95fa1e2b245d1c33661b9ebd7ffb184280c363a31d13210c2a",
    "level": 7381204,
    "status": true,
    "timestamp": 1645645506,
    "to": "oasis1qpg3hpf3vtuueyl8f8jzgsy8clqqw6qgxgurwfy5",
    "type": "executorcommit",
  },
  Object {
    "amount": 0,
    "fee": undefined,
    "from": "oasis1qz6k3gky5d43h70xh2c5vk5fztmzmxmmhc6rh72x",
    "hash": "46583095fd80becc2683aacc67684170de8d6bc6eca5103d7ac543106d729a8f",
    "level": 7381052,
    "status": false,
    "timestamp": 1645644585,
    "to": "oasis1qpg3hpf3vtuueyl8f8jzgsy8clqqw6qgxgurwfy5",
    "type": "executorproposertimeout",
  },
  Object {
    "amount": 0,
    "fee": 1000,
    "from": "oasis1qpdlqz373hcqvafadd3lxptj42x84sws35s02r4r",
    "hash": "5378750685efed957417abea41e7d96804264cb51d85dcee45494ef0ca2f31c7",
    "level": 7368263,
    "status": true,
    "timestamp": 1645567265,
    "to": "oasis1qpg3hpf3vtuueyl8f8jzgsy8clqqw6qgxgurwfy5",
    "type": "registerentity",
  },
  Object {
    "amount": 0,
    "fee": undefined,
    "from": "oasis1qzwl8jlxzwjgz2m6d3ns0vt9hzfp2h63qsxs76ys",
    "hash": "86a303d9891bbefb0984b82dcc0a51ec190d383248b536dcb8bc9ca0404824f4",
    "level": 7381231,
    "status": true,
    "timestamp": 1645645670,
    "to": "oasis1qpg3hpf3vtuueyl8f8jzgsy8clqqw6qgxgurwfy5",
    "type": "registernode",
  },
  Object {
    "amount": 0,
    "fee": undefined,
    "from": "oasis1qrvmxhcjpjvgel9dqfs6zrnza3hqjpa6ug2arc0d",
    "hash": "2ac0a88ab2c85cef69905c8c9b3f639c5b3b15b969c334df5dcc4fa54f183a8a",
    "level": 6251849,
    "status": true,
    "timestamp": 1638867315,
    "to": "oasis1qpg3hpf3vtuueyl8f8jzgsy8clqqw6qgxgurwfy5",
    "type": "registerruntime",
  },
  Object {
    "amount": 0,
    "fee": 4000,
    "from": "oasis1qp3rhyfjagkj65cnn6lt8ej305gh3kamsvzspluq",
    "hash": "a62ebc4d30bc045f129f33a14d4019ec88e48c150980ed388d5f64b6e9476059",
    "level": 4726356,
    "status": true,
    "timestamp": 1629793437,
    "to": "oasis1qpg3hpf3vtuueyl8f8jzgsy8clqqw6qgxgurwfy5",
    "type": "castvote",
  },
  Object {
    "amount": 0,
    "fee": undefined,
    "from": "oasis1qrd64zucfaugv677fwkhynte4dz450yffgp0k06t",
    "hash": "f42c704c38ddbab62e83d787e9ff1097c703eac0bcf5587388dd208abae9b888",
    "level": 7380719,
    "status": true,
    "timestamp": 1645642579,
    "to": "oasis1qpg3hpf3vtuueyl8f8jzgsy8clqqw6qgxgurwfy5",
    "type": "pvsscommit",
  },
  Object {
    "amount": 0,
    "fee": undefined,
    "from": "oasis1qptn9zmdn5ksvq85vxg2mg84e9m6jp2875dyfl73",
    "hash": "9c9fd0d2588a0108ec5f277f476483f17e2d8429e947c83f0096b0a7c351aa51",
    "level": 7381114,
    "status": true,
    "timestamp": 1645644962,
    "to": "oasis1qpg3hpf3vtuueyl8f8jzgsy8clqqw6qgxgurwfy5",
    "type": "pvssreveal",
  },
]
`;

exports[`monitor parse validators 1`] = `
Array [
  Object {
    "address": "oasis1qq3xrq0urs8qcffhvmhfhz4p0mu7ewc8rscnlwxe",
    "current_rate": 0.05,
    "escrow": 336904789689084160,
    "media": Object {
      "email_address": "s@s.f",
      "twitter_acc": "https://twitter.com/s",
      "website_link": "https://s.f",
    },
    "name": "s",
    "nodeAddress": "oasis1qrg52ccz4ts6cct2qu4retxn7kkdlusjh5pe74ar",
    "rank": 1,
    "status": "active",
  },
  Object {
    "address": "oasis1qr0jwz65c29l044a204e3cllvumdg8cmsgt2k3ql",
    "current_rate": 0.15,
    "escrow": 261889743044845470,
    "media": Object {
      "email_address": "go@staking.fund",
      "twitter_acc": "https://twitter.com/StakingFund",
      "website_link": "https://staking.fund",
    },
    "name": "Staking Fund",
    "nodeAddress": "oasis1qq93qrvrcfl8rpjm354h5yrjcredcvt7qclumsju",
    "rank": 3,
    "status": "active",
  },
  Object {
    "address": "oasis1qqekv2ymgzmd8j2s2u7g0hhc7e77e654kvwqtjwm",
    "current_rate": 0.1,
    "escrow": 326477290615842940,
    "media": Object {
      "website_link": "https://www.b.com",
    },
    "name": "b",
    "nodeAddress": "oasis1qqp0h2h92eev7nsxgqctvuegt8ge3vyg0qyluc4k",
    "rank": 2,
    "status": "inactive",
  },
]
`;
