// Jest Snapshot v1, https://goo.gl/fbAQLP

exports[`oasisscan parse account 1`] = `
{
  "address": "oasis1qp53ud2pcmm73mlf4qywnrr245222mvlz5a2e5ty",
  "allowances": [
    {
      "address": "oasis1qrnu9yhwzap7rqh6tdcdcpz0zf86hwhycchkhvt8",
      "amount": "1000000000",
    },
  ],
  "available": "7791547645364",
  "debonding": "0",
  "delegations": "312240929087243",
  "nonce": "89",
  "total": "320032476732607",
}
`;

exports[`oasisscan parse delegations 1`] = `
{
  "debonding": [
    {
      "amount": "363940000000",
      "epoch": 12626,
      "shares": "363940000000",
      "validatorAddress": "oasis1qqekv2ymgzmd8j2s2u7g0hhc7e77e654kvwqtjwm",
    },
  ],
  "delegations": [
    {
      "amount": "89387",
      "shares": "80078",
      "validatorAddress": "oasis1qqekv2ymgzmd8j2s2u7g0hhc7e77e654kvwqtjwm",
    },
  ],
}
`;

exports[`oasisscan parse transaction list 1`] = `
[
  {
    "amount": "200000000000",
    "fee": undefined,
    "from": "oasis1qqnk4au603zs94k0d0n7c0hkx8t4p6r87s60axru",
    "hash": "25b84ca4582f6e3140c384ad60b98415d2c3079d1fc5f2221e45da7b13c70817",
    "level": undefined,
    "nonce": "4",
    "round": 997775,
    "runtimeId": "000000000000000000000000000000000000000000000000e2eaa99fc008f87f",
    "runtimeName": "Emerald",
    "status": 1,
    "timestamp": 1649604086000,
    "to": "oasis1qzgc7dvlls36q47z5y6dvu6ylaa78rkrduqtxgdr",
    "type": "consensus.Deposit",
  },
  {
    "amount": "116900000000",
    "fee": "2000",
    "from": "oasis1qz086axf5hreqpehv5hlgmtw7sfem79gz55v68wp",
    "hash": "b831c4b2aa3188058717250cba279795d907e581bb4d7d40d9dc358d37a56254",
    "level": 7381105,
    "nonce": "1",
    "round": undefined,
    "runtimeId": undefined,
    "runtimeName": undefined,
    "status": 1,
    "timestamp": 1645644903000,
    "to": "oasis1qpm97z4c28juhdea220jtq2e3mz4gruyg54xktlm",
    "type": "staking.Transfer",
  },
  {
    "amount": "500100000000",
    "fee": "0",
    "from": "oasis1qz0rx0h3v8fyukfrr0npldrrzvpdg4wj2qxvg0kj",
    "hash": "e67c4331aa79c85736c4d96cd7b1f3eaad80301bb8d5c181c67482e57ebf0565",
    "level": 7381138,
    "nonce": "1",
    "round": undefined,
    "runtimeId": undefined,
    "runtimeName": undefined,
    "status": 1,
    "timestamp": 1645645107000,
    "to": "oasis1qqekv2ymgzmd8j2s2u7g0hhc7e77e654kvwqtjwm",
    "type": "staking.AddEscrow",
  },
  {
    "amount": "363940000000",
    "fee": "0",
    "from": "oasis1qzah5wn48ekakmq5405qvcg4czp8hjvrcvcywvhp",
    "hash": "0558d39e2c5ebe187fc2802ab442faa548013b247b5de1fb1ef75862dad4fb23",
    "level": 7380979,
    "nonce": "1",
    "round": undefined,
    "runtimeId": undefined,
    "runtimeName": undefined,
    "status": 1,
    "timestamp": 1645644147000,
    "to": "oasis1qqekv2ymgzmd8j2s2u7g0hhc7e77e654kvwqtjwm",
    "type": "staking.ReclaimEscrow",
  },
  {
    "amount": undefined,
    "fee": "2000",
    "from": "oasis1qzl58e7v7pk50h66s2tv3u9rzf87twp7pcv7hul6",
    "hash": "ba8e25c66ae31fa0a0837a414359bc2318c6c849515ca3dc1ffa9eb0a1ab92b3",
    "level": 7361579,
    "nonce": "1",
    "round": undefined,
    "runtimeId": undefined,
    "runtimeName": undefined,
    "status": 1,
    "timestamp": 1645526644000,
    "to": undefined,
    "type": "staking.AmendCommissionSchedule",
  },
  {
    "amount": "1714900000000",
    "fee": "0",
    "from": "oasis1qq3833fnmkqe94h0ca6w8qa84sq8pu92qsjmfayj",
    "hash": "8894b8e9866f66efe291155646f1c09d69d7221449a8d9f758ad1d31f504df03",
    "level": 7381163,
    "nonce": "1",
    "round": undefined,
    "runtimeId": undefined,
    "runtimeName": undefined,
    "status": 1,
    "timestamp": 1645645260000,
    "to": "oasis1qzvlg0grjxwgjj58tx2xvmv26era6t2csqn22pte",
    "type": "staking.Allow",
  },
  {
    "amount": undefined,
    "fee": "0",
    "from": "oasis1qzr9p9fpjqekr8dev66wuaedcpq5n09hwvpkd4pg",
    "hash": "d6298496fc19fd95fa1e2b245d1c33661b9ebd7ffb184280c363a31d13210c2a",
    "level": 7381204,
    "nonce": "1",
    "round": undefined,
    "runtimeId": undefined,
    "runtimeName": undefined,
    "status": 1,
    "timestamp": 1645645506000,
    "to": undefined,
    "type": "roothash.ExecutorCommit",
  },
  {
    "amount": undefined,
    "fee": "0",
    "from": "oasis1qz6k3gky5d43h70xh2c5vk5fztmzmxmmhc6rh72x",
    "hash": "46583095fd80becc2683aacc67684170de8d6bc6eca5103d7ac543106d729a8f",
    "level": 7381052,
    "nonce": "1",
    "round": undefined,
    "runtimeId": undefined,
    "runtimeName": undefined,
    "status": 0,
    "timestamp": 1645644585000,
    "to": undefined,
    "type": "roothash.ExecutorProposerTimeout",
  },
  {
    "amount": undefined,
    "fee": "1000",
    "from": "oasis1qpdlqz373hcqvafadd3lxptj42x84sws35s02r4r",
    "hash": "5378750685efed957417abea41e7d96804264cb51d85dcee45494ef0ca2f31c7",
    "level": 7368263,
    "nonce": "1",
    "round": undefined,
    "runtimeId": undefined,
    "runtimeName": undefined,
    "status": 1,
    "timestamp": 1645567265000,
    "to": undefined,
    "type": "registry.RegisterEntity",
  },
  {
    "amount": undefined,
    "fee": "0",
    "from": "oasis1qzwl8jlxzwjgz2m6d3ns0vt9hzfp2h63qsxs76ys",
    "hash": "86a303d9891bbefb0984b82dcc0a51ec190d383248b536dcb8bc9ca0404824f4",
    "level": 7381231,
    "nonce": "1",
    "round": undefined,
    "runtimeId": undefined,
    "runtimeName": undefined,
    "status": 1,
    "timestamp": 1645645670000,
    "to": undefined,
    "type": "registry.RegisterNode",
  },
  {
    "amount": undefined,
    "fee": "0",
    "from": "oasis1qrvmxhcjpjvgel9dqfs6zrnza3hqjpa6ug2arc0d",
    "hash": "2ac0a88ab2c85cef69905c8c9b3f639c5b3b15b969c334df5dcc4fa54f183a8a",
    "level": 6251849,
    "nonce": "1",
    "round": undefined,
    "runtimeId": undefined,
    "runtimeName": undefined,
    "status": 1,
    "timestamp": 1638867315000,
    "to": undefined,
    "type": "registry.RegisterRuntime",
  },
  {
    "amount": undefined,
    "fee": "4000",
    "from": "oasis1qp3rhyfjagkj65cnn6lt8ej305gh3kamsvzspluq",
    "hash": "a62ebc4d30bc045f129f33a14d4019ec88e48c150980ed388d5f64b6e9476059",
    "level": 4726356,
    "nonce": "1",
    "round": undefined,
    "runtimeId": undefined,
    "runtimeName": undefined,
    "status": 1,
    "timestamp": 1629793437000,
    "to": undefined,
    "type": "governance.CastVote",
  },
  {
    "amount": undefined,
    "fee": "0",
    "from": "oasis1qrd64zucfaugv677fwkhynte4dz450yffgp0k06t",
    "hash": "09bfc632625d44fe96d4d31bacd12ed889231f77ed898cbcccf0dea7527a6237",
    "level": 7396874,
    "nonce": "1",
    "round": undefined,
    "runtimeId": undefined,
    "runtimeName": undefined,
    "status": 1,
    "timestamp": 1645740165000,
    "to": undefined,
    "type": "beacon.PVSSCommit",
  },
  {
    "amount": undefined,
    "fee": "0",
    "from": "oasis1qptn9zmdn5ksvq85vxg2mg84e9m6jp2875dyfl73",
    "hash": "9c9fd0d2588a0108ec5f277f476483f17e2d8429e947c83f0096b0a7c351aa51",
    "level": 7381114,
    "nonce": "1",
    "round": undefined,
    "runtimeId": undefined,
    "runtimeName": undefined,
    "status": 1,
    "timestamp": 1645644962000,
    "to": undefined,
    "type": "beacon.PVSSReveal",
  },
]
`;

exports[`oasisscan parse validators 1`] = `
[
  {
    "address": "oasis1qq3xrq0urs8qcffhvmhfhz4p0mu7ewc8rscnlwxe",
    "current_rate": 0.05,
    "escrow": "336904789680000000",
    "media": {
      "email_address": "s@s.f",
      "logotype": "https://s3.amazonaws.com/s.jpg",
      "twitter_acc": "https://twitter.com/s",
      "website_link": "https://s.f",
    },
    "name": "s",
    "rank": 1,
    "status": "active",
  },
  {
    "address": "oasis1qqekv2ymgzmd8j2s2u7g0hhc7e77e654kvwqtjwm",
    "current_rate": 0.1,
    "escrow": "326477290610000000",
    "media": {
      "email_address": undefined,
      "logotype": undefined,
      "twitter_acc": undefined,
      "website_link": "https://www.b.com",
    },
    "name": "b",
    "rank": 2,
    "status": "inactive",
  },
  {
    "address": "oasis1qr0jwz65c29l044a204e3cllvumdg8cmsgt2k3ql",
    "current_rate": 0.15,
    "escrow": "261889743040000000",
    "media": {
      "email_address": "go@staking.fund",
      "logotype": "https://s3.amazonaws.com/keybase_processed_uploads/d48739023a250815c4ac564c9870ec05_360_360.jpg",
      "twitter_acc": "StakingFund",
      "website_link": "https://staking.fund",
    },
    "name": "Staking Fund",
    "rank": 3,
    "status": "active",
  },
]
`;
