// Jest Snapshot v1, https://goo.gl/fbAQLP

exports[`<Toolbar  /> should match snapshot 1`] = `
.c7 {
  display: inline-block;
  -webkit-flex: 0 0 auto;
  -ms-flex: 0 0 auto;
  flex: 0 0 auto;
  width: 24px;
  height: 24px;
  fill: #666666;
  stroke: #666666;
}

.c7 g {
  fill: inherit;
  stroke: inherit;
}

.c7 *:not([stroke])[fill='none'] {
  stroke-width: 0;
}

.c7 *[stroke*='#'],.c7 *[STROKE*='#'] {
  stroke: inherit;
  fill: none;
}

.c7 *[fill-rule],
.c7 *[FILL-RULE],
.c7 *[fill*='#'],.c7 *[FILL*='#'] {
  fill: inherit;
  stroke: none;
}

.c16 {
  display: inline-block;
  -webkit-flex: 0 0 auto;
  -ms-flex: 0 0 auto;
  flex: 0 0 auto;
  width: 24px;
  height: 24px;
  fill: #0092f6;
  stroke: #0092f6;
}

.c16 g {
  fill: inherit;
  stroke: inherit;
}

.c16 *:not([stroke])[fill='none'] {
  stroke-width: 0;
}

.c16 *[stroke*='#'],.c16 *[STROKE*='#'] {
  stroke: inherit;
  fill: none;
}

.c16 *[fill-rule],
.c16 *[FILL-RULE],
.c16 *[fill*='#'],.c16 *[FILL*='#'] {
  fill: inherit;
  stroke: none;
}

.c0 {
  font-family: Rubik;
  font-size: 18px;
  line-height: 24px;
  background-color: #ffffff;
  color: #16213E;
  box-sizing: border-box;
  -webkit-text-size-adjust: 100%;
  -ms-text-size-adjust: 100%;
  -moz-osx-font-smoothing: grayscale;
  -webkit-font-smoothing: antialiased;
}

.c1 {
  display: -webkit-box;
  display: -webkit-flex;
  display: -ms-flexbox;
  display: flex;
  box-sizing: border-box;
  max-width: 100%;
  min-width: 0;
  min-height: 0;
  -webkit-flex-direction: row;
  -ms-flex-direction: row;
  flex-direction: row;
  -webkit-box-pack: end;
  -webkit-justify-content: flex-end;
  -ms-flex-pack: end;
  justify-content: flex-end;
}

.c3 {
  display: -webkit-box;
  display: -webkit-flex;
  display: -ms-flexbox;
  display: flex;
  box-sizing: border-box;
  max-width: 100%;
  min-width: 0;
  min-height: 0;
  -webkit-flex-direction: column;
  -ms-flex-direction: column;
  flex-direction: column;
}

.c4 {
  display: -webkit-box;
  display: -webkit-flex;
  display: -ms-flexbox;
  display: flex;
  box-sizing: border-box;
  max-width: 100%;
  margin-bottom: 12px;
  min-width: 0;
  min-height: 0;
  -webkit-flex-direction: column;
  -ms-flex-direction: column;
  flex-direction: column;
}

.c10 {
  display: -webkit-box;
  display: -webkit-flex;
  display: -ms-flexbox;
  display: flex;
  box-sizing: border-box;
  max-width: 100%;
  -webkit-align-items: center;
  -webkit-box-align: center;
  -ms-flex-align: center;
  align-items: center;
  min-width: 0;
  min-height: 0;
  -webkit-flex-direction: row;
  -ms-flex-direction: row;
  flex-direction: row;
  -webkit-box-pack: justify;
  -webkit-justify-content: space-between;
  -ms-flex-pack: justify;
  justify-content: space-between;
}

.c11 {
  display: -webkit-box;
  display: -webkit-flex;
  display: -ms-flexbox;
  display: flex;
  box-sizing: border-box;
  min-width: 0;
  min-height: 0;
  -webkit-flex-direction: row;
  -ms-flex-direction: row;
  flex-direction: row;
  -webkit-flex: 1 1;
  -ms-flex: 1 1;
  flex: 1 1;
  -webkit-flex-basis: auto;
  -ms-flex-preferred-size: auto;
  flex-basis: auto;
}

.c15 {
  display: -webkit-box;
  display: -webkit-flex;
  display: -ms-flexbox;
  display: flex;
  box-sizing: border-box;
  max-width: 100%;
  margin-left: 12px;
  margin-right: 12px;
  min-width: 0;
  min-height: 0;
  -webkit-flex-direction: column;
  -ms-flex-direction: column;
  flex-direction: column;
  -webkit-flex: 0 0 auto;
  -ms-flex: 0 0 auto;
  flex: 0 0 auto;
}

.c20 {
  display: -webkit-box;
  display: -webkit-flex;
  display: -ms-flexbox;
  display: flex;
  box-sizing: border-box;
  max-width: 100%;
  min-width: 0;
  min-height: 0;
  -webkit-flex-direction: row;
  -ms-flex-direction: row;
  flex-direction: row;
  padding: 12px;
}

.c18 {
  display: -webkit-box;
  display: -webkit-flex;
  display: -ms-flexbox;
  display: flex;
  box-sizing: border-box;
  max-width: 100%;
  background-color: transparent;
  color: #16213E;
  border: solid none #EDEDED;
  min-width: 0;
  min-height: 0;
  -webkit-flex-direction: column;
  -ms-flex-direction: column;
  flex-direction: column;
  -webkit-box-pack: end;
  -webkit-justify-content: flex-end;
  -ms-flex-pack: end;
  justify-content: flex-end;
  border-radius: 5px;
}

.c17 {
  -webkit-flex: 0 0 auto;
  -ms-flex: 0 0 auto;
  flex: 0 0 auto;
  -webkit-align-self: stretch;
  -ms-flex-item-align: stretch;
  align-self: stretch;
  width: 12px;
}

.c8 {
  display: inline-block;
  box-sizing: border-box;
  cursor: pointer;
  font: inherit;
  -webkit-text-decoration: none;
  text-decoration: none;
  margin: 0;
  background: transparent;
  overflow: visible;
  text-transform: none;
  color: inherit;
  outline: none;
  border: none;
  padding: 0;
  text-align: inherit;
}

.c8:focus {
  outline: none;
  box-shadow: 0 0 2px 2px #6FFFB0;
}

.c8:focus > circle,
.c8:focus > ellipse,
.c8:focus > line,
.c8:focus > path,
.c8:focus > polygon,
.c8:focus > polyline,
.c8:focus > rect {
  outline: none;
  box-shadow: 0 0 2px 2px #6FFFB0;
}

.c8:focus::-moz-focus-inner {
  border: 0;
}

.c8:focus:not(:focus-visible) {
  outline: none;
  box-shadow: none;
}

.c8:focus:not(:focus-visible) > circle,.c8:focus:not(:focus-visible) > ellipse,
.c8:focus:not(:focus-visible) > line,.c8:focus:not(:focus-visible) > path,
.c8:focus:not(:focus-visible) > polygon,.c8:focus:not(:focus-visible) > polyline,
.c8:focus:not(:focus-visible) > rect {
  outline: none;
  box-shadow: none;
}

.c8:focus:not(:focus-visible)::-moz-focus-inner {
  border: 0;
}

.c19 {
  display: inline-block;
  box-sizing: border-box;
  cursor: pointer;
  font: inherit;
  -webkit-text-decoration: none;
  text-decoration: none;
  margin: 0;
  background: transparent;
  overflow: visible;
  text-transform: none;
  color: inherit;
  outline: none;
  border: none;
  padding: 0;
  text-align: inherit;
  width: 100%;
  height: 100%;
  max-width: none;
  -webkit-flex: 1 0 auto;
  -ms-flex: 1 0 auto;
  flex: 1 0 auto;
}

.c19:focus {
  outline: none;
  box-shadow: 0 0 2px 2px #6FFFB0;
}

.c19:focus > circle,
.c19:focus > ellipse,
.c19:focus > line,
.c19:focus > path,
.c19:focus > polygon,
.c19:focus > polyline,
.c19:focus > rect {
  outline: none;
  box-shadow: 0 0 2px 2px #6FFFB0;
}

.c19:focus::-moz-focus-inner {
  border: 0;
}

.c19:focus:not(:focus-visible) {
  outline: none;
  box-shadow: none;
}

.c19:focus:not(:focus-visible) > circle,.c19:focus:not(:focus-visible) > ellipse,
.c19:focus:not(:focus-visible) > line,.c19:focus:not(:focus-visible) > path,
.c19:focus:not(:focus-visible) > polygon,.c19:focus:not(:focus-visible) > polyline,
.c19:focus:not(:focus-visible) > rect {
  outline: none;
  box-shadow: none;
}

.c19:focus:not(:focus-visible)::-moz-focus-inner {
  border: 0;
}

.c13 {
  box-sizing: border-box;
  font-size: inherit;
  font-family: inherit;
  border: none;
  -webkit-appearance: none;
  background: transparent;
  color: inherit;
  width: 100%;
  padding: 11px;
  font-weight: 600;
  margin: 0;
  border: 1px solid rgba(0,0,0,0.33);
  border-radius: 4px;
  outline: none;
  border: none;
}

.c13::-webkit-input-placeholder {
  color: #AAAAAA;
}

.c13::-moz-placeholder {
  color: #AAAAAA;
}

.c13:-ms-input-placeholder {
  color: #AAAAAA;
}

.c13::-webkit-search-decoration {
  -webkit-appearance: none;
}

.c13::-moz-focus-inner {
  border: none;
  outline: none;
}

.c13:-moz-placeholder,
.c13::-moz-placeholder {
  opacity: 1;
}

.c12 {
  position: relative;
  width: 100%;
}

.c14 {
  cursor: pointer;
}

.c9 {
  border: 1px solid rgba(0,0,0,0.33);
  border-radius: 4px;
}

.c5 {
  position: relative;
  -webkit-flex-direction: row;
  -ms-flex-direction: row;
  flex-direction: row;
}

.c6 {
  position: absolute;
  top: 10px;
  left: 12px;
}

@media only screen and (max-width:768px) {
  .c4 {
    margin-bottom: 6px;
  }
}

@media only screen and (max-width:768px) {
  .c15 {
    margin-left: 6px;
    margin-right: 6px;
  }
}

@media only screen and (max-width:768px) {

}

@media only screen and (max-width:768px) {
  .c18 {
    border: solid none #EDEDED;
  }
}

@media only screen and (max-width:768px) {
  .c17 {
    width: 6px;
  }
}

@media only screen and (min-width:768px) {
  .c2 {
    padding: 12px 12px 0;
  }
}

@media only screen and (max-width:768px) {
  .c2 {
    position: fixed;
    top: 0;
    right: 0;
    z-index: 4;
    padding: 6px;
  }
}

<div
  class="c0"
  style="min-height: 100vh;"
>
  <div
    class="c1 c2"
  >
    <div
      class="c3"
      style="margin-top: 2px; width: 220px;"
    >
      <div
        class="c4 "
        style="margin: 0px;"
      >
        <div
          class="c3 "
        >
          <div
            class="c3 c5"
          >
            <div
              class="c3 c6"
            >
              <svg
                aria-label="Language"
                class="c7"
                viewBox="0 0 24 24"
              >
                <path
                  d="M12.87 15.07l-2.54-2.51.03-.03c1.74-1.94 2.98-4.17 3.71-6.53H17V4h-7V2H8v2H1v1.99h11.17C11.5 7.92 10.44 9.75 9 11.35 8.07 10.32 7.3 9.19 6.69 8h-2c.73 1.63 1.73 3.17 2.98 4.56l-5.09 5.02L4 19l5-5 3.11 3.11.76-2.04zM18.5 10h-2L12 22h2l1.12-3h4.75L21 22h2l-4.5-12zm-2.62 7l1.62-4.33L19.12 17h-3.24z"
                  fill="#333"
                />
              </svg>
            </div>
            <button
              aria-expanded="false"
              aria-haspopup="listbox"
              aria-label="Open Drop; Selected: en-US"
              class="c8 c9"
              id="language"
              type="button"
            >
              <div
                class="c10"
              >
                <div
                  class="c11"
                >
                  <div
                    class="c12"
                  >
                    <input
                      autocomplete="off"
                      class="c13 c14"
                      id="language__input"
                      name="language"
                      readonly=""
                      style="padding-left: 50px;"
                      tabindex="-1"
                      type="text"
                      value=""
                    />
                  </div>
                </div>
                <div
                  class="c15"
                  style="min-width: auto;"
                >
                  <svg
                    aria-label="FormDown"
                    class="c16"
                    viewBox="0 0 24 24"
                  >
                    <path
                      d="m18 9-6 6-6-6"
                      fill="none"
                      stroke="#000"
                      stroke-width="2"
                    />
                  </svg>
                </div>
              </div>
            </button>
          </div>
        </div>
      </div>
    </div>
    <div
      class="c17"
    />
    <div
      class="c18"
    >
      <button
        aria-expanded="false"
        aria-haspopup="menu"
        aria-label="Open Menu"
        class="c19"
        style="border: 0px;"
        type="button"
      >
        <div
          class="c20"
          data-testid="network-selector"
        >
          <svg
            aria-label="Network"
            class="c7"
            viewBox="0 0 24 24"
          >
            <path
              d="M7.5 7v8.514c0 4.243 5.5 2.829 5.5 6.6V24m-2-14L7.5 7 4 10m12.5-8v8.44c0 4.068-3.5 2.712-3.5 6.328V24m0-19 3.5-3L20 5"
              fill="none"
              stroke="#000"
              stroke-width="2"
            />
          </svg>
        </div>
      </button>
    </div>
  </div>
</div>
`;
