// Jest Snapshot v1, https://goo.gl/fbAQLP

exports[`<Navigation /> should match snapshot 1`] = `
.c11 {
  display: inline-block;
  -webkit-flex: 0 0 auto;
  -ms-flex: 0 0 auto;
  flex: 0 0 auto;
  width: 24px;
  height: 24px;
  fill: #666666;
  stroke: #666666;
}

.c11 g {
  fill: inherit;
  stroke: inherit;
}

.c11 *:not([stroke])[fill="none"] {
  stroke-width: 0;
}

.c11 *[stroke*="#"],
.c11 *[STROKE*="#"] {
  stroke: inherit;
  fill: none;
}

.c11 *[fill-rule],
.c11 *[FILL-RULE],
.c11 *[fill*="#"],
.c11 *[FILL*="#"] {
  fill: inherit;
  stroke: none;
}

.c0 {
  display: -webkit-box;
  display: -webkit-flex;
  display: -ms-flexbox;
  display: flex;
  box-sizing: border-box;
  max-width: 100%;
  background: component-sidebar;
  border-inline-end: solid 1px rgba(0,0,0,0.33);
  min-width: 0;
  min-height: 0;
  -webkit-flex-direction: column;
  -ms-flex-direction: column;
  flex-direction: column;
  min-height: 100%;
  width: 220px;
  padding-top: 24px;
  padding-bottom: 24px;
  padding-left: 0px;
  padding-right: 0px;
}

.c1 {
  display: -webkit-box;
  display: -webkit-flex;
  display: -ms-flexbox;
  display: flex;
  box-sizing: border-box;
  max-width: 100%;
  -webkit-align-self: center;
  -ms-flex-item-align: center;
  align-self: center;
  margin-bottom: 24px;
  -webkit-align-items: center;
  -webkit-box-align: center;
  -ms-flex-align: center;
  align-items: center;
  min-width: 0;
  min-height: 0;
  -webkit-flex-direction: row;
  -ms-flex-direction: row;
  flex-direction: row;
  padding: 24px;
}

.c2 {
  display: -webkit-box;
  display: -webkit-flex;
  display: -ms-flexbox;
  display: flex;
  box-sizing: border-box;
  max-width: 100%;
  -webkit-align-items: center;
  -webkit-box-align: center;
  -ms-flex-align: center;
  align-items: center;
  background: url(https://avatars.githubusercontent.com/u/52803776?s=200&v=4) no-repeat center center;
  background-size: cover;
  min-width: 0;
  min-height: 0;
  -webkit-flex-direction: column;
  -ms-flex-direction: column;
  flex-direction: column;
  height: 48px;
  width: 48px;
  -webkit-box-pack: center;
  -webkit-justify-content: center;
  -ms-flex-pack: center;
  justify-content: center;
  border-radius: 100%;
  overflow: hidden;
}

.c6 {
  display: -webkit-box;
  display: -webkit-flex;
  display: -ms-flexbox;
  display: flex;
  box-sizing: border-box;
  max-width: 100%;
  min-width: 0;
  min-height: 0;
  -webkit-flex-direction: column;
  -ms-flex-direction: column;
  flex-direction: column;
  -webkit-flex: 1 1;
  -ms-flex: 1 1;
  flex: 1 1;
}

.c7 {
  display: -webkit-box;
  display: -webkit-flex;
  display: -ms-flexbox;
  display: flex;
  box-sizing: border-box;
  max-width: 100%;
  min-width: 0;
  min-height: 0;
  -webkit-flex-direction: column;
  -ms-flex-direction: column;
  flex-direction: column;
  -webkit-flex: 0 0 auto;
  -ms-flex: 0 0 auto;
  flex: 0 0 auto;
  padding: 0px;
}

.c8 {
  display: -webkit-box;
  display: -webkit-flex;
  display: -ms-flexbox;
  display: flex;
  box-sizing: border-box;
  max-width: 100%;
  background: background-oasis-blue;
  min-width: 0;
  min-height: 0;
  -webkit-flex-direction: column;
  -ms-flex-direction: column;
  flex-direction: column;
  padding-top: 12px;
  padding-bottom: 12px;
  padding-left: 24px;
}

.c10 {
  display: -webkit-box;
  display: -webkit-flex;
  display: -ms-flexbox;
  display: flex;
  box-sizing: border-box;
  max-width: 100%;
  -webkit-align-items: center;
  -webkit-box-align: center;
  -ms-flex-align: center;
  align-items: center;
  min-width: 0;
  min-height: 0;
  -webkit-flex-direction: row;
  -ms-flex-direction: row;
  flex-direction: row;
  -webkit-box-pack: center;
  -webkit-justify-content: center;
  -ms-flex-pack: center;
  justify-content: center;
}

.c13 {
  display: -webkit-box;
  display: -webkit-flex;
  display: -ms-flexbox;
  display: flex;
  box-sizing: border-box;
  max-width: 100%;
  min-width: 0;
  min-height: 0;
  -webkit-flex-direction: column;
  -ms-flex-direction: column;
  flex-direction: column;
  -webkit-flex: 0 0 auto;
  -ms-flex: 0 0 auto;
  flex: 0 0 auto;
}

.c14 {
  display: -webkit-box;
  display: -webkit-flex;
  display: -ms-flexbox;
  display: flex;
  box-sizing: border-box;
  max-width: 100%;
  min-width: 0;
  min-height: 0;
  -webkit-flex-direction: column;
  -ms-flex-direction: column;
  flex-direction: column;
  padding-top: 12px;
  padding-bottom: 12px;
  padding-left: 24px;
}

.c15 {
  display: -webkit-box;
  display: -webkit-flex;
  display: -ms-flexbox;
  display: flex;
  box-sizing: border-box;
  max-width: 100%;
  -webkit-align-items: center;
  -webkit-box-align: center;
  -ms-flex-align: center;
  align-items: center;
  min-width: 0;
  min-height: 0;
  -webkit-flex-direction: column;
  -ms-flex-direction: column;
  flex-direction: column;
  padding-left: 12px;
  padding-right: 12px;
  padding-top: 12px;
}

.c17 {
  display: -webkit-box;
  display: -webkit-flex;
  display: -ms-flexbox;
  display: flex;
  box-sizing: border-box;
  max-width: 100%;
  border: solid 1px rgba(0,0,0,0.33);
  min-width: 0;
  min-height: 0;
  -webkit-flex-direction: row;
  -ms-flex-direction: row;
  flex-direction: row;
  border-radius: 4px;
}

.c18 {
  display: -webkit-box;
  display: -webkit-flex;
  display: -ms-flexbox;
  display: flex;
  box-sizing: border-box;
  max-width: 100%;
  min-width: 0;
  min-height: 0;
  -webkit-flex-direction: column;
  -ms-flex-direction: column;
  flex-direction: column;
  padding: 12px;
}

.c19 {
  display: -webkit-box;
  display: -webkit-flex;
  display: -ms-flexbox;
  display: flex;
  box-sizing: border-box;
  max-width: 100%;
  min-width: 0;
  min-height: 0;
  -webkit-flex-direction: column;
  -ms-flex-direction: column;
  flex-direction: column;
  -webkit-flex: 1 0 auto;
  -ms-flex: 1 0 auto;
  flex: 1 0 auto;
  padding: 12px;
}

.c3 {
  -webkit-flex: 0 0 auto;
  -ms-flex: 0 0 auto;
  flex: 0 0 auto;
  -webkit-align-self: stretch;
  -ms-flex-item-align: stretch;
  align-self: stretch;
  width: 12px;
}

.c5 {
  -webkit-flex: 0 0 auto;
  -ms-flex: 0 0 auto;
  flex: 0 0 auto;
  -webkit-align-self: stretch;
  -ms-flex-item-align: stretch;
  align-self: stretch;
  height: 12px;
}

.c12 {
  -webkit-flex: 0 0 auto;
  -ms-flex: 0 0 auto;
  flex: 0 0 auto;
  -webkit-align-self: stretch;
  -ms-flex-item-align: stretch;
  align-self: stretch;
  width: 24px;
}

.c9 {
  display: inline-block;
  box-sizing: border-box;
  cursor: pointer;
  font: inherit;
  -webkit-text-decoration: none;
  text-decoration: none;
  margin: 0;
  background: transparent;
  overflow: visible;
  text-transform: none;
  -webkit-align-self: flex-start;
  -ms-flex-item-align: start;
  align-self: flex-start;
  color: inherit;
  outline: none;
  border: none;
  padding: 0;
  text-align: inherit;
}

.c16 {
  display: inline-block;
  box-sizing: border-box;
  cursor: pointer;
  font: inherit;
  -webkit-text-decoration: none;
  text-decoration: none;
  margin: 0;
  background: transparent;
  overflow: visible;
  text-transform: none;
  color: inherit;
  outline: none;
  border: none;
  padding: 0;
  text-align: inherit;
}

.c16:focus {
  outline: none;
  box-shadow: 0 0 2px 2px #6FFFB0;
}

.c16:focus > circle,
.c16:focus > ellipse,
.c16:focus > line,
.c16:focus > path,
.c16:focus > polygon,
.c16:focus > polyline,
.c16:focus > rect {
  outline: none;
  box-shadow: 0 0 2px 2px #6FFFB0;
}

.c16:focus::-moz-focus-inner {
  border: 0;
}

.c4 {
  font-size: 18px;
  line-height: 24px;
}

@media only screen and (max-width:768px) {
  .c0 {
    border-inline-end: solid 1px rgba(0,0,0,0.33);
  }
}

@media only screen and (max-width:768px) {
  .c0 {
    padding-top: 12px;
    padding-bottom: 12px;
  }
}

@media only screen and (max-width:768px) {
  .c0 {
    padding-left: 0px;
  }
}

@media only screen and (max-width:768px) {
  .c0 {
    padding-right: 0px;
  }
}

@media only screen and (max-width:768px) {
  .c1 {
    margin-bottom: 12px;
  }
}

@media only screen and (max-width:768px) {
  .c1 {
    padding: 12px;
  }
}

@media only screen and (max-width:768px) {
  .c7 {
    padding: 0px;
  }
}

@media only screen and (max-width:768px) {
  .c15 {
    padding-left: 6px;
    padding-right: 6px;
  }
}

@media only screen and (max-width:768px) {
  .c15 {
    padding-top: 6px;
  }
}

@media only screen and (max-width:768px) {
  .c17 {
    border: solid 1px rgba(0,0,0,0.33);
  }
}

@media only screen and (max-width:768px) {
  .c18 {
    padding: 6px;
  }
}

@media only screen and (max-width:768px) {
  .c19 {
    padding: 6px;
  }
}

@media only screen and (max-width:768px) {
  .c3 {
    width: 6px;
  }
}

@media only screen and (max-width:768px) {
  .c5 {
    height: 6px;
  }
}

<div
  class="c0"
>
  <div
    class="c1"
  >
    <div
      class="c2 StyledAvatar-sc-1suyamb-1"
    />
    <div
      class="c3"
    />
    <span
      class="c4"
    >
      Oasis Wallet
    </span>
  </div>
  <div
    class="c5"
  />
  <div
    class="c6"
  >
    <nav
      class="c7"
    >
      <a
        aria-current="page"
        class="active"
        href="/"
      >
        <div
          class="c8"
        >
          <button
            aria-label="menu.home"
            class="c9"
            data-testid="nav-home"
            type="button"
          >
            <div
              class="c10"
            >
              <svg
                aria-label="Home"
                class="c11"
                viewBox="0 0 24 24"
              >
                <path
                  d="m1 11 11-9 11 9m-8 12v-8H9v8m-5 0V9m16 14V9"
                  fill="none"
                  stroke="#000"
                  stroke-width="2"
                />
              </svg>
              <div
                class="c12"
              />
              menu.home
            </div>
          </button>
        </div>
      </a>
      <div
        class="c5"
      />
      <div
        class="c5"
      />
    </nav>
  </div>
  <div
    class="c5"
  />
  <nav
    class="c13"
  >
    <div
      class="c14"
    >
      <button
        aria-label="theme.darkMode"
        class="c9"
        type="button"
      >
        <div
          class="c10"
        >
          <svg
            aria-label="Moon"
            class="c11"
            viewBox="0 0 24 24"
          >
            <path
              d="m18.25 18.78.531.846a1 1 0 0 0-.282-1.815l-.25.968zm0-13.56.249.97a1 1 0 0 0 .282-1.816l-.532.847zM14 21a8.962 8.962 0 0 0 4.781-1.374l-1.063-1.694A6.962 6.962 0 0 1 14 19v2zm-9-9a9 9 0 0 0 9 9v-2a7 7 0 0 1-7-7H5zm9-9a9 9 0 0 0-9 9h2a7 7 0 0 1 7-7V3zm4.781 1.374A8.962 8.962 0 0 0 14 3v2c1.368 0 2.641.391 3.718 1.067l1.063-1.693zm-.78-.122A8.004 8.004 0 0 0 12 12h2a6.003 6.003 0 0 1 4.499-5.81L18 4.251zM12 12c0 3.729 2.55 6.86 6 7.748l.499-1.937A6.003 6.003 0 0 1 14 12h-2z"
              fill="#000"
            />
          </svg>
          <div
            class="c12"
          />
          theme.darkMode
        </div>
      </button>
    </div>
    <div
      class="c5"
    />
    <div
      class="c5"
    />
    <div
      class="c15"
    >
      <button
        aria-label="Open Menu"
        class="c16"
        type="button"
      >
        <div
          class="c17"
        >
          <div
            class="c18"
          >
            <svg
              aria-label="Language"
              class="c11"
              viewBox="0 0 24 24"
            >
              <path
                d="M12 23c6.075 0 11-4.925 11-11S18.075 1 12 1 1 5.925 1 12s4.925 11 11 11zm0 0c3 0 4-5 4-11S15 1 12 1 8 6 8 12s1 11 4 11zM2 16h20M2 8h20"
                fill="none"
                stroke="#000"
                stroke-width="2"
              />
            </svg>
          </div>
          <div
            class="c19"
          >
            <span
              class="c4"
            >
              Language
            </span>
          </div>
          <div
            class="c18"
          >
            <svg
              aria-label="FormDown"
              class="c11"
              viewBox="0 0 24 24"
            >
              <path
                d="m18 9-6 6-6-6"
                fill="none"
                stroke="#000"
                stroke-width="2"
              />
            </svg>
          </div>
        </div>
      </button>
    </div>
  </nav>
</div>
`;
