// Jest Snapshot v1, https://goo.gl/fbAQLP

exports[`<App /> should render and match the snapshot 1`] = `
<ModalProvider>
  <Helmet
    defaultTitle="Oasis Wallet"
    defer={true}
    encodeSpecialCharacters={true}
    htmlAttributes={
      Object {
        "lang": "en-US",
      }
    }
    prioritizeSeoTags={false}
    titleTemplate="%s - Oasis Wallet"
  >
    <meta
      content="A wallet for Oasis"
      name="description"
    />
  </Helmet>
  <Box
    background="background-back"
    direction="row-responsive"
    fill={true}
    style={
      Object {
        "minHeight": "100vh",
      }
    }
  >
    <Navigation />
    <Box
      flex={true}
      pad={
        Object {
          "top": undefined,
        }
      }
    >
      <Styled(Main)>
        <FatalErrorHandler />
        <Toolbar />
        <TransitionGroup
          childFactory={[Function]}
          component="div"
        >
          <Switch>
            <TransitionRoute
              component={[Function]}
              exact={true}
              path="/"
            />
            <TransitionRoute
              component={[Function]}
              exact={true}
              path="/create-wallet"
            />
            <TransitionRoute
              component={[Function]}
              path="/open-wallet"
            />
            <TransitionRoute
              component={[Function]}
              exact={true}
              path="/account/:address/stake"
            />
            <TransitionRoute
              component={[Function]}
              path="/account/:address"
            />
          </Switch>
        </TransitionGroup>
        <Memo />
      </Styled(Main)>
    </Box>
  </Box>
</ModalProvider>
`;
